#-----------------------------------------------------------
# Vivado v2023.2.1 (64-bit)
# SW Build 4081461 on Thu Dec 14 12:24:51 MST 2023
# IP Build 4080415 on Thu Dec 14 21:01:57 MST 2023
# SharedData Build 4077621 on Mon Dec 11 00:23:44 MST 2023
# Start of session at: Mon Jan  8 15:48:57 2024
# Process ID: 34496
# Current directory: C:/Users/gordo/Dropbox/Xilinx/Projects/project_Clocked_AND_PZ2/project_Clocked_AND_PZ2.runs/impl_1
# Command line: vivado.exe -log AND_GATE.vdi -applog -product Vivado -messageDb vivado.pb -mode batch -source AND_GATE.tcl -notrace
# Log file: C:/Users/gordo/Dropbox/Xilinx/Projects/project_Clocked_AND_PZ2/project_Clocked_AND_PZ2.runs/impl_1/AND_GATE.vdi
# Journal file: C:/Users/gordo/Dropbox/Xilinx/Projects/project_Clocked_AND_PZ2/project_Clocked_AND_PZ2.runs/impl_1\vivado.jou
# Running On: OXPS, OS: Windows, CPU Frequency: 3187 MHz, CPU Physical cores: 16, Host memory: 34070 MB
#-----------------------------------------------------------
source AND_GATE.tcl -notrace
